
1. login Githu.com
2. create token
	hp laptop : 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
	
	toshiba laptop : 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
	
3. create git remote repo =>devopsfirst2706

   …or create a new repository on the command line
   echo "# devopsfirst2706" >> README.md
   git init
   git add README.md
   git commit -m "first commit"
   git config --global user.name "Pradeep"
   git config --global user.email "pradeep.d80@gmail.com"
   git commit -m "first commit"
   git branch -M main
   git remote add origin https://github.com/pradeepd80/devopsfirst2706.git
   git push -u origin main
   
   …or push an existing repository from the command line
   git remote add origin https://github.com/pradeepd80/devopsfirst2706.git
   git branch -M main
   git push -u origin main
   
4.    
-----------------------08--------------------------------- 







git stash
=========
hp@Alok MINGW64 /e/DevopsExcercise/Devmain/devopsfirst2706 (main)
$ ls
README.md       devopsInfo.txt.bak  mySprintOneFile  myUATFile
devopsInfo.txt  mySITFile           mySprintTwoFile  myjavafile

hp@Alok MINGW64 /e/DevopsExcercise/Devmain/devopsfirst2706 (main)
$ touch myjavaregpage.java

hp@Alok MINGW64 /e/DevopsExcercise/Devmain/devopsfirst2706 (main)
$ vi my
mySITFile           mySprintTwoFile     myjavafile
mySprintOneFile     myUATFile           myjavaregpage.java

hp@Alok MINGW64 /e/DevopsExcercise/Devmain/devopsfirst2706 (main)
$ vi my
mySITFile           mySprintTwoFile     myjavafile
mySprintOneFile     myUATFile           myjavaregpage.java

hp@Alok MINGW64 /e/DevopsExcercise/Devmain/devopsfirst2706 (main)
$ vi myjavaregpage.java

hp@Alok MINGW64 /e/DevopsExcercise/Devmain/devopsfirst2706 (main)
$ git stash
No local changes to save

hp@Alok MINGW64 /e/DevopsExcercise/Devmain/devopsfirst2706 (main)
$ git status
On branch main
Your branch is up to date with 'origin/main'.

Untracked files:
  (use "git add <file>..." to include in what will be committed)
        myjavaregpage.java

nothing added to commit but untracked files present (use "git add" to track)

hp@Alok MINGW64 /e/DevopsExcercise/Devmain/devopsfirst2706 (main)
$ git add -A
warning: in the working copy of 'myjavaregpage.java', LF will be replaced by CRLF the next time Git touches it

hp@Alok MINGW64 /e/DevopsExcercise/Devmain/devopsfirst2706 (main)
$ ls
README.md           mySITFile        myUATFile
devopsInfo.txt      mySprintOneFile  myjavafile
devopsInfo.txt.bak  mySprintTwoFile  myjavaregpage.java

hp@Alok MINGW64 /e/DevopsExcercise/Devmain/devopsfirst2706 (main)
$ vi myjavaregpage.java

hp@Alok MINGW64 /e/DevopsExcercise/Devmain/devopsfirst2706 (main)
$ git status
On branch main
Your branch is up to date with 'origin/main'.

Changes to be committed:
  (use "git restore --staged <file>..." to unstage)
        new file:   myjavaregpage.java


hp@Alok MINGW64 /e/DevopsExcercise/Devmain/devopsfirst2706 (main)
$ git stash
Saved working directory and index state WIP on main: 4f4c87b 07 practice commands

hp@Alok MINGW64 /e/DevopsExcercise/Devmain/devopsfirst2706 (main)
$ vi myjavaregpage.java

hp@Alok MINGW64 /e/DevopsExcercise/Devmain/devopsfirst2706 (main)
$ ls
README.md       devopsInfo.txt.bak  mySprintOneFile  myUATFile
devopsInfo.txt  mySITFile           mySprintTwoFile  myjavafile

hp@Alok MINGW64 /e/DevopsExcercise/Devmain/devopsfirst2706 (main)
$ git stash
No local changes to save

hp@Alok MINGW64 /e/DevopsExcercise/Devmain/devopsfirst2706 (main)
$ git status
On branch main
Your branch is up to date with 'origin/main'.

nothing to commit, working tree clean

hp@Alok MINGW64 /e/DevopsExcercise/Devmain/devopsfirst2706 (main)
$ vi regjava.java

hp@Alok MINGW64 /e/DevopsExcercise/Devmain/devopsfirst2706 (main)
$ git status
On branch main
Your branch is up to date with 'origin/main'.

Untracked files:
  (use "git add <file>..." to include in what will be committed)
        regjava.java

nothing added to commit but untracked files present (use "git add" to track)

hp@Alok MINGW64 /e/DevopsExcercise/Devmain/devopsfirst2706 (main)
$ git add -A
warning: in the working copy of 'regjava.java', LF will be replaced by CRLF the next time Git touches it

hp@Alok MINGW64 /e/DevopsExcercise/Devmain/devopsfirst2706 (main)
$ git commit -m "my java file"
[main 845489d] my java file
 1 file changed, 2 insertions(+)
 create mode 100644 regjava.java

hp@Alok MINGW64 /e/DevopsExcercise/Devmain/devopsfirst2706 (main)
$ git push
Enumerating objects: 4, done.
Counting objects: 100% (4/4), done.
Delta compression using up to 4 threads
Compressing objects: 100% (2/2), done.
Writing objects: 100% (3/3), 291 bytes | 291.00 KiB/s, done.
Total 3 (delta 1), reused 0 (delta 0), pack-reused 0
remote: Resolving deltas: 100% (1/1), completed with 1 local object.
To https://github.com/pradeepd80/devopsfirst2706.git
   4f4c87b..845489d  main -> main

hp@Alok MINGW64 /e/DevopsExcercise/Devmain/devopsfirst2706 (main)
$ ls
README.md       devopsInfo.txt.bak  mySprintOneFile  myUATFile   regjava.java
devopsInfo.txt  mySITFile           mySprintTwoFile  myjavafile

hp@Alok MINGW64 /e/DevopsExcercise/Devmain/devopsfirst2706 (main)
$ vi regjava.java

hp@Alok MINGW64 /e/DevopsExcercise/Devmain/devopsfirst2706 (main)
$ git status
On branch main
Your branch is up to date with 'origin/main'.

Changes not staged for commit:
  (use "git add <file>..." to update what will be committed)
  (use "git restore <file>..." to discard changes in working directory)
        modified:   regjava.java

no changes added to commit (use "git add" and/or "git commit -a")

hp@Alok MINGW64 /e/DevopsExcercise/Devmain/devopsfirst2706 (main)
$ git add -A
warning: in the working copy of 'regjava.java', LF will be replaced by CRLF the next time Git touches it

hp@Alok MINGW64 /e/DevopsExcercise/Devmain/devopsfirst2706 (main)
$ git status
On branch main
Your branch is up to date with 'origin/main'.

Changes to be committed:
  (use "git restore --staged <file>..." to unstage)
        modified:   regjava.java


hp@Alok MINGW64 /e/DevopsExcercise/Devmain/devopsfirst2706 (main)
$ ls
README.md       devopsInfo.txt.bak  mySprintOneFile  myUATFile   regjava.java
devopsInfo.txt  mySITFile           mySprintTwoFile  myjavafile

hp@Alok MINGW64 /e/DevopsExcercise/Devmain/devopsfirst2706 (main)
$ git stash
Saved working directory and index state WIP on main: 845489d my java file

hp@Alok MINGW64 /e/DevopsExcercise/Devmain/devopsfirst2706 (main)
$ vi regjava.java

hp@Alok MINGW64 /e/DevopsExcercise/Devmain/devopsfirst2706 (main)
$ vi regjava.java

hp@Alok MINGW64 /e/DevopsExcercise/Devmain/devopsfirst2706 (main)
$ git status
On branch main
Your branch is up to date with 'origin/main'.

Changes not staged for commit:
  (use "git add <file>..." to update what will be committed)
  (use "git restore <file>..." to discard changes in working directory)
        modified:   regjava.java

no changes added to commit (use "git add" and/or "git commit -a")

hp@Alok MINGW64 /e/DevopsExcercise/Devmain/devopsfirst2706 (main)
$ git add -A

hp@Alok MINGW64 /e/DevopsExcercise/Devmain/devopsfirst2706 (main)
$ git status
On branch main
Your branch is up to date with 'origin/main'.

Changes to be committed:
  (use "git restore --staged <file>..." to unstage)
        modified:   regjava.java


hp@Alok MINGW64 /e/DevopsExcercise/Devmain/devopsfirst2706 (main)
$ git commit -m "my manager wok"
[main 471e807] my manager wok
 1 file changed, 1 insertion(+)

hp@Alok MINGW64 /e/DevopsExcercise/Devmain/devopsfirst2706 (main)
$ git push
Enumerating objects: 5, done.
Counting objects: 100% (5/5), done.
Delta compression using up to 4 threads
Compressing objects: 100% (2/2), done.
Writing objects: 100% (3/3), 300 bytes | 300.00 KiB/s, done.
Total 3 (delta 1), reused 0 (delta 0), pack-reused 0
remote: Resolving deltas: 100% (1/1), completed with 1 local object.
To https://github.com/pradeepd80/devopsfirst2706.git
   845489d..471e807  main -> main

hp@Alok MINGW64 /e/DevopsExcercise/Devmain/devopsfirst2706 (main)
$ ls
README.md       devopsInfo.txt.bak  mySprintOneFile  myUATFile   regjava.java
devopsInfo.txt  mySITFile           mySprintTwoFile  myjavafile

hp@Alok MINGW64 /e/DevopsExcercise/Devmain/devopsfirst2706 (main)
$ vi regjava.java

hp@Alok MINGW64 /e/DevopsExcercise/Devmain/devopsfirst2706 (main)
$ git stash apply
Auto-merging regjava.java
CONFLICT (content): Merge conflict in regjava.java
On branch main
Your branch is up to date with 'origin/main'.

Unmerged paths:
  (use "git restore --staged <file>..." to unstage)
  (use "git add <file>..." to mark resolution)
        both modified:   regjava.java

no changes added to commit (use "git add" and/or "git commit -a")

hp@Alok MINGW64 /e/DevopsExcercise/Devmain/devopsfirst2706 (main)
$ vi regjava.java

hp@Alok MINGW64 /e/DevopsExcercise/Devmain/devopsfirst2706 (main)
$ git status
On branch main
Your branch is up to date with 'origin/main'.

Unmerged paths:
  (use "git restore --staged <file>..." to unstage)
  (use "git add <file>..." to mark resolution)
        both modified:   regjava.java

no changes added to commit (use "git add" and/or "git commit -a")

hp@Alok MINGW64 /e/DevopsExcercise/Devmain/devopsfirst2706 (main)
$ git add -A

hp@Alok MINGW64 /e/DevopsExcercise/Devmain/devopsfirst2706 (main)
$ git commit -m "My task with manager merged"
[main 7798260] My task with manager merged
 1 file changed, 4 insertions(+), 1 deletion(-)

hp@Alok MINGW64 /e/DevopsExcercise/Devmain/devopsfirst2706 (main)
$ git push
Enumerating objects: 5, done.
Counting objects: 100% (5/5), done.
Delta compression using up to 4 threads
Compressing objects: 100% (3/3), done.
Writing objects: 100% (3/3), 342 bytes | 342.00 KiB/s, done.
Total 3 (delta 1), reused 0 (delta 0), pack-reused 0
remote: Resolving deltas: 100% (1/1), completed with 1 local object.
To https://github.com/pradeepd80/devopsfirst2706.git
   471e807..7798260  main -> main

hp@Alok MINGW64 /e/DevopsExcercise/Devmain/devopsfirst2706 (main)
$ ^C

hp@Alok MINGW64 /e/DevopsExcercise/Devmain/devopsfirst2706 (main)
$ ^C

hp@Alok MINGW64 /e/DevopsExcercise/Devmain/devopsfirst2706 (main)
$
 
   
	
   
   
   
   